<html>
<body>
<pre>
<h1>µVision Build Log</h1>
<h2>Tool Versions:</h2>
IDE-Version: µVision V5.36.0.0
Copyright (C) 2021 ARM Ltd and ARM Germany GmbH. All rights reserved.
License Information: Lucas Kelley, Santa Barbara City College, LIC=----
 
Tool Versions:
Toolchain:       MDK-Lite  Version: 5.36.0.0
Toolchain Path:  C:\Keil_v5\ARM\ARMCLANG\Bin
C Compiler:      ArmClang.exe V6.16
Assembler:       Armasm.exe V6.16
Linker/Locator:  ArmLink.exe V6.16
Library Manager: ArmAr.exe V6.16
Hex Converter:   FromElf.exe V6.16
CPU DLL:         SARMCM3.DLL V5.36.0.0
Dialog DLL:      DCM.DLL V1.17.3.0
Target DLL:      UL2CM3.DLL V1.164.0.0
Dialog DLL:      TCM.DLL V1.53.0.0
 
<h2>Project:</h2>
C:\Users\optim\Documents\CS107 2022\LAB05\LAB05.uvprojx
Project File Date:  04/05/2022

<h2>Output:</h2>
*** Using Compiler 'V6.16', folder: 'C:\Keil_v5\ARM\ARMCLANG\Bin'
Rebuild target 'Target 1'
assembling startup_LPC407x_8x_177x_8x.s...
assembling board.s...
assembling LucasKelley_Lab05_Part_B.s...
linking...
.\Objects\LAB05.sct(8): warning: L6314W: No section matches pattern *(InRoot$$Sections).
Program Size: Code=540 RO-data=228 RW-data=4 ZI-data=1028  
Finished: 0 information, 1 warning and 0 error messages.
".\Objects\LAB05.axf" - 0 Error(s), 1 Warning(s).

<h2>Software Packages used:</h2>

Package Vendor: Keil
                http://www.keil.com/pack/Keil.LPC4000_DFP.2.2.1.pack
                Keil.LPC4000_DFP.2.2.1
                NXP LPC4000 Series Device Support

<h2>Collection of Component include folders:</h2>
  C:\Users\optim\AppData\Local\Arm\Packs\Keil\LPC4000_DFP\2.2.1\Device\Include

<h2>Collection of Component Files used:</h2>
Build Time Elapsed:  00:00:01
</pre>
</body>
</html>
